// Vitest Snapshot v1, https://vitest.dev/guide/snapshot.html

exports[`LandingPage > renders page snapshot 1`] = `
<div>
  <main
    class="flex flex-col justify-center items-center h-screen"
  >
    <div
      class="flex items-center text-[var(--green)] gap-5 mb-5"
    >
      <img
        alt="Hemo Bleed Social Logo"
        src="https://placehold.co/60"
      />
      <div
        class="flex flex-col justify-center items-center"
      >
        <h1
          class="jaro-logo text-6xl"
        >
          Hemo Bleed Social
        </h1>
        <h2>
          Live. Log. Learn.
        </h2>
      </div>
    </div>
    <div
      class="flex gap-5"
    >
      <a
        data-discover="true"
        href="/signup"
      >
        <button
          class="bg-[var(--green)] hover:bg-[var(--light-green)] text-white font-semibold py-2 px-4 rounded shadow cursor-pointer"
        >
          Create your account
        </button>
      </a>
      <a
        data-discover="true"
        href="/login"
      >
        <button
          class="bg-[var(--green)] hover:bg-[var(--light-green)] text-white font-semibold py-2 px-4 rounded shadow cursor-pointer"
        >
          Log in
        </button>
      </a>
    </div>
  </main>
</div>
`;
